// Jest Snapshot v1, https://goo.gl/fbAQLP

exports[`App should render calculator 1`] = `
Array [
  <h1>
    Calculator App
  </h1>,
  <div
    className="display-result"
  >
    <input
      defaultValue={null}
      id="result"
    />
  </div>,
  <div
    className="button-panel"
  >
    <div>
      <button
        name="AC"
        onClick={[Function]}
        style={
          Object {
            "background": "white",
            "width": "50%",
          }
        }
        type="button"
      >
        AC
      </button>
      <button
        name="+/-"
        onClick={[Function]}
        style={
          Object {
            "background": "white",
            "width": "50%",
          }
        }
        type="button"
      >
        +/-
      </button>
      <button
        name="%"
        onClick={[Function]}
        style={
          Object {
            "background": "white",
            "width": "50%",
          }
        }
        type="button"
      >
        %
      </button>
      <button
        name="รท"
        onClick={[Function]}
        style={
          Object {
            "background": "color",
            "width": "50%",
          }
        }
        type="button"
      >
        รท
      </button>
    </div>
    <div>
      <button
        name="7"
        onClick={[Function]}
        style={
          Object {
            "background": "white",
            "width": "50%",
          }
        }
        type="button"
      >
        7
      </button>
      <button
        name="8"
        onClick={[Function]}
        style={
          Object {
            "background": "white",
            "width": "50%",
          }
        }
        type="button"
      >
        8
      </button>
      <button
        name="9"
        onClick={[Function]}
        style={
          Object {
            "background": "white",
            "width": "50%",
          }
        }
        type="button"
      >
        9
      </button>
      <button
        name="X"
        onClick={[Function]}
        style={
          Object {
            "background": "color",
            "width": "50%",
          }
        }
        type="button"
      >
        X
      </button>
    </div>
    <div>
      <button
        name="4"
        onClick={[Function]}
        style={
          Object {
            "background": "white",
            "width": "50%",
          }
        }
        type="button"
      >
        4
      </button>
      <button
        name="5"
        onClick={[Function]}
        style={
          Object {
            "background": "white",
            "width": "50%",
          }
        }
        type="button"
      >
        5
      </button>
      <button
        name="6"
        onClick={[Function]}
        style={
          Object {
            "background": "white",
            "width": "50%",
          }
        }
        type="button"
      >
        6
      </button>
      <button
        name="-"
        onClick={[Function]}
        style={
          Object {
            "background": "color",
            "width": "50%",
          }
        }
        type="button"
      >
        -
      </button>
    </div>
    <div>
      <button
        name="1"
        onClick={[Function]}
        style={
          Object {
            "background": "white",
            "width": "50%",
          }
        }
        type="button"
      >
        1
      </button>
      <button
        name="2"
        onClick={[Function]}
        style={
          Object {
            "background": "white",
            "width": "50%",
          }
        }
        type="button"
      >
        2
      </button>
      <button
        name="3"
        onClick={[Function]}
        style={
          Object {
            "background": "white",
            "width": "50%",
          }
        }
        type="button"
      >
        3
      </button>
      <button
        name="+"
        onClick={[Function]}
        style={
          Object {
            "background": "color",
            "width": "50%",
          }
        }
        type="button"
      >
        +
      </button>
    </div>
    <div>
      <button
        name="0"
        onClick={[Function]}
        style={
          Object {
            "background": "white",
            "width": "50%",
          }
        }
        type="button"
      >
        0
      </button>
      <button
        name="."
        onClick={[Function]}
        style={
          Object {
            "background": "white",
            "width": "50%",
          }
        }
        type="button"
      >
        .
      </button>
      <button
        name="="
        onClick={[Function]}
        style={
          Object {
            "background": "color",
            "width": "50%",
          }
        }
        type="button"
      >
        =
      </button>
    </div>
  </div>,
]
`;
