// Jest Snapshot v1, https://goo.gl/fbAQLP

exports[`Button should renders Button 1`] = `
<button
  name="1"
  onClick={[Function]}
  style={
    Object {
      "background": "color",
      "width": "50%",
    }
  }
  type="button"
>
  1
</button>
`;
