// Jest Snapshot v1, https://goo.gl/fbAQLP

exports[`Display should display result 1`] = `
<div
  className="display-result"
>
  <input
    defaultValue="0"
    id="result"
  />
</div>
`;
