// Jest Snapshot v1, https://goo.gl/fbAQLP

exports[`Qoute should render qoute 1`] = `
<p
  className="qoute"
>
  Mathematics is not about numbers, equations, computations, or algorithms: it is about understanding. â€“William Paul Thurston
</p>
`;
